<?xml version="1.0" encoding="utf-8"?><testsuites><testsuite name="pytest" errors="0" failures="0" skipped="0" tests="7" time="2.872" timestamp="2025-04-05T22:51:12.612065-04:00" hostname="MSI"><testcase classname="src.tests.unit_tests" name="test_dataset_length" time="0.021" /><testcase classname="src.tests.unit_tests" name="test_dataset_getitem_shape" time="0.015" /><testcase classname="src.tests.unit_tests" name="test_rolling_mean_dp" time="0.002" /><testcase classname="src.tests.unit_tests" name="test_lag_adder_dp" time="0.002" /><testcase classname="src.tests.unit_tests" name="test_composite_pipeline" time="0.002" /><testcase classname="src.tests.unit_tests" name="test_feature_remover_dp" time="0.001" /><testcase classname="src.tests.unit_tests" name="test_feature_adder_dp" time="0.002" /></testsuite></testsuites>